GAMS 48.3.0  71b5641f Nov 12, 2024          WEX-WEI x86 64bit/MS Windows - 11/29/24 08:54:25 Page 1
G e n e r a l   A l g e b r a i c   M o d e l i n g   S y s t e m
C o m p i l a t i o n


   1  Sets
   2  t /1*768/
   3  ;
   4   
   5  Parameters
   6  $include Demand.txt
****                    $282
**** 282  Unable to open include file
****         Hint: Does the filename need to be quoted?
INCLUDE    C:\Users\E370_\Documents\Uni\electricity-and-water-management\GasPreis.txt
   8  GasPreis(t) /
   9  1*24=   18.17288055
  10  25*48=  18.13911783
  11  49*72=  18.99433483
  12  73*96=  18.54044426
  13  97*120= 19.160903
  14  121*144=        18.55508709
  15  145*168=        18.72456555
  16  169*192=        18.97243234
  17  193*216=        19.36093449
  18  217*240=        19.26978071
  19  241*264=        19.73462517
  20  265*288=        19.09901441
  21  289*312=        19.87501828
  22  313*336=        19.55876488
  23  337*360=        20.0323638
  24  361*384=        19.62394699
  25  385*408=        20.25804379
  26  409*432=        20.05465858
  27  433*456=        20.5417401
  28  457*480=        20.49073486
  29  481*504=        20.8581507
  30  505*528=        20.34179118
  31  529*552=        20.96725663
  32  553*576=        20.33936203
  33  577*600=        20.66975117
  34  601*624=        21.1467238
  35  625*648=        20.48437945
  36  649*672=        20.94760138
  37  673*696=        21.61181449
  38  697*720=        21.09069892
  39  721*744=        21.12839381
  40  745*769=        21.01590913
****        $170
**** LINE     33 INCLUDE     C:\Users\E370_\Documents\Uni\electricity-and-water-management\GasPreis.txt
**** LINE      7 INPUT       C:\Users\E370_\Documents\Uni\electricity-and-water-management\Aufgabe3.gms
**** 170  Domain violation for element
  41  /
INCLUDE    C:\Users\E370_\Documents\Uni\electricity-and-water-management\Co2Preis.txt
  43  Co2Preis(t) /
  44  1       *       24      =       7.811927423
  45  25      *       48      =       7.918055948
  46  49      *       72      =       7.602146136
  47  73      *       96      =       8.005835275
  48  97      *       120     =       7.954178272
  49  121     *       144     =       7.839450547
  50  145     *       168     =       7.759248596
  51  169     *       192     =       7.951414658
  52  193     *       216     =       7.980590537
  53  217     *       240     =       7.704933398
  54  241     *       264     =       8.098549321
  55  265     *       288     =       8.045934663
  56  289     *       312     =       8.127477168
  57  313     *       336     =       7.756996495
  58  337     *       360     =       7.843122123
  59  361     *       384     =       7.767790546
  60  385     *       408     =       8.001450101
  61  409     *       432     =       8.24615064
  62  433     *       456     =       8.102032575
  63  457     *       480     =       7.826628806
  64  481     *       504     =       8.269998515
  65  505     *       528     =       8.057404118
  66  529     *       552     =       8.211834515
  67  553     *       576     =       8.057644798
  68  577     *       600     =       8.034626796
  69  601     *       624     =       7.901826985
  70  625     *       648     =       8.270074203
  71  649     *       672     =       7.972382178
  72  673     *       696     =       8.300123053
  73  697     *       720     =       8.255820504
  74  721     *       744     =       8.424498302
  75  745     *       769     =       8.419340222
****                    $170
**** LINE     33 INCLUDE     C:\Users\E370_\Documents\Uni\electricity-and-water-management\Co2Preis.txt
**** LINE      8 INPUT       C:\Users\E370_\Documents\Uni\electricity-and-water-management\Aufgabe3.gms
**** 170  Domain violation for element
  76  /
  77   
  78  *Speicher
  79  GMax_Speicher Installierte Leistung d SpeicherKW  /300/
  80  PMax_Speicher Installierte Pumpleistung d SpeicherKW/300/
  81  MaxVolume_Speicher Max Speichervolumen  / 2000/
  82  Vol_Start Speichervolumen zur Zeit 0 / 1500/
  83  Vol_Ende Speichervolumen am Ende d Optimierungshorizontes / 1000/
  84  Inflow Zufluss in den Speicher je Stunde / 10/
  85  P_eta Wirkungsgrad Pumpe/ 0.75/
  86   
  87  *Gas und Dampf Kraftwerk
  88  MaxLeistungGuD  Installierte Leistung des GasKW   /500/
  89  eff_GuD  Wirkungsgrad GasKW /0.6/
  90  Erzeugungskosten_GuD(t) Erzeugngskosten des GuDs je Stunde
  91  *Aufgabe 1b
  92  Startkosten_GuD Startkosten GasKW/10000/
  93  MinLast_GuD  MinLlast_GuD GasKW/0.4/
  94   
  95  *Aufgabe 2
  96  *Gasturbine
  97  MaxLeistungGasTurbine Installierte Leistung einer Gasturbine /300/
  98  Erzeugungskosten_GasTurbine Erzeugungskosten Gasturbine /70/
  99   
 100  MaxLeistungLW Installierte Leistung einer Gasturbine /250/
 101   
 102  ;
 103   
 104  Erzeugungskosten_GuD(t)= GasPreis(t)/eff_GuD+0.2*Co2Preis(t)/eff_GuD
 105   
 106  Variables
 107  Kosten
 108  ;
 109   
 110  Positive Variables
 111  *Speicherkraftwerk
 112  GenSpeicher(t)   Erzeugung Speicher
 113  GenPumpe(t) Erzeugung Pumpe
 114  Volume_Speicher(t)  Speichervolumen im Zeitpunkt t
 115   
 116  *GuD
 117  Erzeugung_GuD(t) Erzeugung des GuD im Zeipunkt t
 118  *Aufgabe 1b
 119  Startkosten_GasKW(t)   Startkosten GasKW
 120  ON(t)   Betriebszustand GasKW
 121   
 122  *Aufgabe 2
 123  Erzeugung_GT(t) Erzeugung der Gasturbine im Zeipunkt t
 124  Erzeugung_LW(t) Erzeugung Laufwasserkraftwerk im Zeitpunkt t
 125  ;
 126   
 127   
 128  Equations
 129  *Zielfunktion
 130  g_Kosten   Erloesgleichung
 131  *Speicher
 132  g_MaxSpeicher    max Erzeugung des Speichers
 133  g_Speicherinhalt   Speicherinhaltsgleichung
 134  g_StartSpeicherinhalt    Startbedingung Speicher
 135  g_MaxSpeicherinhalt     Begrenzung d Speichers
 136  g_EndSpeicherinhalt Enbedingung Speicher
 137  g_MaxPumpe  Maximale Pumpleistung
 138   
 139  *GuD
 140  g_MaxLeistungGuD  Gas KW kann max installierte Leistung erzeugen
 141  *Aufgabe 1b
 142  g_Startkosten   Startkosten GasKW
 143  g_MinGeneration  Mindestlast GasKW
 144  g_Online      Betriebszustand GasKW
 145   
 146  *Aufgabe 2
 147  g_MaxLeistungGT die Gasturbine kann maximal die installierte Leistung erzeugen
 148  g_MaxLeistungLW das Laufwasserkraftwerk kann maximal die installierte Leistung erzeugen
 149   
 150  *Aufgabe 2
 151  g_Lastdeckung Erfuellung der Stromnachfrage durch den KW Park
 152   
 153   
 154  ;
 155   
 156  *Aufgabe 3
 157  g_Kosten .. Kosten =e= sum(t,Erzeugungskosten_GuD(t)*Erzeugung_GuD(t)+ Startkosten_GasKW(t) + Erzeugungskosten_GasTurbine*Erzeugung_GT(t) ) ;
 158   
 159  *Speicher
 160  g_MaxSpeicher(t) .. GenSpeicher(t) =l=  GMax_Speicher;
 161  g_MaxSpeicherinhalt(t) ..       Volume_Speicher(t)=l= MaxVolume_Speicher;
 162  g_Speicherinhalt(t)$(ord(t)>1) ..     Volume_Speicher(t)=e=Volume_Speicher(t-1)+Inflow-GenSpeicher(t)+  GenPumpe(t)*P_eta   ;
 163  g_StartSpeicherinhalt(t)$(Ord(t)=1)  ..    Volume_Speicher(t) =e=     Vol_Start;
 164  g_EndSpeicherinhalt(t)$(Ord(t)=768) ..        Volume_Speicher(t) =e=     Vol_Ende;
 165  g_MaxPumpe(t) ..           GenPumpe(t) =l=  PMax_Speicher;
 166   
 167  *GuD Aufgabe 1 b
 168  g_MaxLeistungGuD(t) .. Erzeugung_GuD(t) =l=  MaxLeistungGuD*ON(t);
 169  g_Startkosten(t) .. Startkosten_GasKW(t) =g= Startkosten_GuD*(ON(t)-ON(t-1));
 170  g_MinGeneration(t) .. Erzeugung_GuD(t) =g=  MinLast_GuD*MaxLeistungGuD*ON(t);
 171  g_Online(t) .. ON(t)=l=1;
 172   
 173  *Aufgabe 2
 174  g_MaxLeistungGT(t) ..    Erzeugung_GT(t) =l=   MaxLeistungGasTurbine;
 175  g_MaxLeistungLW(t)  ..    Erzeugung_LW(t) =l=   MaxLeistungLW;
 176   
 177  *Aufgabe 3 Lastdeckung
 178  g_Lastdeckung(t)   ..    GenSpeicher(t)-GenPumpe(t)+ Erzeugung_GuD(t) + Erzeugung_GT(t) + Erzeugung_LW(t) =e= Demand(t);
****                                                                                                                     $140
**** LINE    110 INPUT       C:\Users\E370_\Documents\Uni\electricity-and-water-management\Aufgabe3.gms
**** 140  Unknown symbol
 179   
 180  Model Fundamentalmodell /all/
 181  gams Fundamentalmodell gdx=default
 182  ;
 183   
 184  Solve Fundamentalmodell using LP minimizing Kosten ;
****                                                     $257
**** LINE    116 INPUT       C:\Users\E370_\Documents\Uni\electricity-and-water-management\Aufgabe3.gms
**** 257  Solve statement not checked because of previous errors
 185  execute_unload  'Ergebnis_Aufgabe3'
 186   
 187  file results3  /Aufgabe_3.txt/;
 188  *results3.pw = 1000;
 189  put results3;
 190  put 'Gesamt Kosten (Mio):':20:20 (Kosten.l/1000000) :20:6  /
****                                           $141
**** LINE    122 INPUT       C:\Users\E370_\Documents\Uni\electricity-and-water-management\Aufgabe3.gms
**** 141  Symbol declared but no values have been assigned. Check for missing
****         data definition, assignment, data loading or implicit assignment
****         via a solve statement. Suppress with $onImplicitAssign.
****         A wild shot: You may have spurious commas in the explanatory
****         text of a declaration. Check symbol reference list.
 191  put't':20:0,'Spot':20:2,'Nachfrage':20:0,'SpeicherStand':20:0,'Turbine':20:0,'Pumpe':20:0,'ErzKosten':20:0,'StartKosten':20:0,'Erzeugung GuD':20:0, 'Erzeugung GT':20:0, 'Erzeugung LW'20:0/
 192  loop(t,put , ord(t):20:0, g_Lastdeckung.m(t):20:2,Demand(t):20:0, Volume_Speicher.l(t):20:0,GenSpeicher.l(t):20:0, GenPumpe.l(t):20:0, Erzeugungskosten_GuD(t):20:0, Startkosten_GasKW.l(t):20:3, Erzeugung_GuD.l(t):20:0,Erzeugung_GT.l(t):20:0,Erzeugung_LW.l(t):20:0 /);
****                                          $141                                      $141                  $141                $141                                                       $141                     $141                   $141                   $141
**** LINE    124 INPUT       C:\Users\E370_\Documents\Uni\electricity-and-water-management\Aufgabe3.gms
**** 141  Symbol declared but no values have been assigned. Check for missing
****         data definition, assignment, data loading or implicit assignment
****         via a solve statement. Suppress with $onImplicitAssign.
****         A wild shot: You may have spurious commas in the explanatory
****         text of a declaration. Check symbol reference list.
 193   
 194   
 195   

**** 14 ERROR(S)   0 WARNING(S)
GAMS 48.3.0  71b5641f Nov 12, 2024          WEX-WEI x86 64bit/MS Windows - 11/29/24 08:54:25 Page 2
G e n e r a l   A l g e b r a i c   M o d e l i n g   S y s t e m
Include File Summary


   SEQ   GLOBAL TYPE      PARENT   LOCAL  FILENAME

     1        1 INPUT          0       0  C:\Users\E370_\Documents\Uni\electricity-and-water-management\Aufgabe3.gms
     2        7 INCLUDE        1       7  .C:\Users\E370_\Documents\Uni\electricity-and-water-management\GasPreis.txt
     3       42 INCLUDE        1       8  .C:\Users\E370_\Documents\Uni\electricity-and-water-management\Co2Preis.txt


COMPILATION TIME     =        0.062 SECONDS      3 MB  48.3.0 71b5641f WEX-WEI


USER: Course License                                 S241011|0002CO-GEN
      Verbund Hydro Power GmbH                                  DCE3801


**** FILE SUMMARY

Input      C:\Users\E370_\Documents\Uni\electricity-and-water-management\Aufgabe3.gms
Output     C:\Users\E370_\Documents\Uni\electricity-and-water-management\Aufgabe3.lst

**** USER ERROR(S) ENCOUNTERED
